---
class AbstractNoCtor : Object [public abstract]
  method <init>(): void [protected generated]
class Base : Object [public open]
  field x: int [protected]
  method <init>(int x): void [public]
  method hook(): void [public open]
  method fixed(): void [public final]
  method toString(): String [public final override]
class Derived : Base, Runnable, Comparable<Derived> [public final]
  method <init>(): void [public]
  method hook(): void [public override]
  method run(): void [public override]
  method compareTo(Derived other): int [public override]
interface Greeter [public abstract interface]
  method greet(String name): String [public abstract]
  method hi(): String [public default]
  method polite(): Greeter [public static]
  method helper(): String [private]
class NoCtor : Object [final]
  method <init>(): void [generated]
class Outer : Object [public final]
  method <init>(): void [public generated]
interface Outer$Hidden [private static abstract interface]
class Outer$Inner : Object [public static final]
  field next: Outer.Inner
  field owner: Outer
  method <init>(): void [public generated]
enum Outer$Mode : Enum<Outer.Mode> [public static final enum]
  field On: Outer.Mode [public static final enum-constant enum]
  field Off: Outer.Mode [public static final enum-constant enum]
  method values(): Outer.Mode[] [public static generated]
  method valueOf(String name): Outer.Mode [public static generated]
  method <init>(): void [private generated]
class Polite : Object, Greeter [final]
  method greet(String name): String [public override]
  method <init>(): void [generated]
class PublicNoCtor : Object [public open]
  method <init>(): void [public generated]
class Shape : Object [public abstract]
  method area(): double [public abstract]
  method describe(): String [public final]
  method name(): String [public open]
  method <init>(): void [protected generated]
