---
record app/Circle : Record, Shape [public final record]
  field r: double [private final]
  property r: double get=r set=- [public]
  method r(): double [public getter generated]
  method <init>(double r): void [public generated record]
class app/Repo : Object [final]
  field owner: Service [public]
  method <init>(): void [generated]
class app/Service : Object [public final]
  field repo: Repo [private]
  field helper: Strings2 [private]
  method first(List<Shape> shapes): Shape [public]
  method <init>(): void [public generated]
interface app/Shape permits Circle, Square [public abstract sealed interface]
record app/Square : Record, Shape [public final record]
  field side: double [private final]
  property side: double get=side set=- [public]
  method side(): double [public getter generated]
  method <init>(double side): void [public generated record]
class app/util/Strings2 : Object [public final]
  method twice(String s): String [public static]
  method <init>(): void [public generated]
