---
interface Named [public abstract interface]
  property name: String get=getName set=- [public]
  property greeting: String get=getGreeting set=- [public]
  method getName(): String [public abstract getter]
  method getGreeting(): String [public default getter]
class Props : Object [public final]
  field name: String [private backing]
  field age: int [private backing]
  field width: double [private backing]
  field height: double [private backing]
  field _c: int [private]
  field id: String [private backing]
  field upper: String [private backing]
  field active: boolean [private backing]
  field isVisible: boolean [private backing]
  field instances: int [private static backing]
  property name: String get=getName set=setName backed [public]
  property age: int get=getAge set=setAge backed [public init-only]
  property width: double get=getWidth set=setWidth backed [public]
  property height: double get=getHeight set=setHeight backed [public]
  property area: double get=getArea set=- [public]
  property count: int get=getCount set=setCount [public]
  property id: String get=getId set=setId backed [public required init-only]
  property upper: String get=getUpper set=setUpper backed [public]
  property active: boolean get=isActive set=setActive backed [public]
  property isVisible: boolean get=isVisible set=setVisible backed [public]
  property instances: int get=getInstances set=setInstances backed [public static]
  method getName(): String [public getter]
  method setName(String value): void [public setter]
  method getAge(): int [public getter]
  method setAge(int value): void [public setter init-only synthetic]
  method getWidth(): double [public getter]
  method setWidth(double value): void [public setter]
  method getHeight(): double [public getter]
  method setHeight(double value): void [private setter]
  method getArea(): double [public getter]
  method getCount(): int [public getter]
  method setCount(int value): void [private setter]
  method getId(): String [public getter]
  method setId(String value): void [public setter init-only synthetic]
  method getUpper(): String [public getter]
  method setUpper(String value): void [public setter]
  method isActive(): boolean [public getter]
  method setActive(boolean value): void [public setter]
  method isVisible(): boolean [public getter]
  method setVisible(boolean value): void [public setter]
  method getInstances(): int [public static getter]
  method setInstances(int value): void [public static setter]
  method <init>(): void [public generated]
