---
record Add : Record, Expr [public final record]
  field left: Expr [private final backing]
  field right: Expr [private final backing]
  property left: Expr get=left set=- backed [public]
  property right: Expr get=right set=- backed [public]
  method left(): Expr [public getter generated]
  method right(): Expr [public getter generated]
  method <init>(Expr left, Expr right): void [public generated record]
class Animal : Object permits Dog, Cat [public abstract sealed]
  method <init>(): void [protected generated]
class Cat : Animal [public final]
  method <init>(): void [public generated]
enum Color : Enum<Color> [public final enum]
  field Red: Color [public static final enum-constant enum]
  field Green: Color [public static final enum-constant enum]
  field Blue: Color [public static final enum-constant enum]
  method values(): Color[] [public static generated]
  method valueOf(String name): Color [public static generated]
  method <init>(): void [private generated]
class Dog : Animal [public final]
  method <init>(): void [public generated]
interface Expr permits Num, Add [public abstract sealed interface]
record Num : Record, Expr [public final record]
  field value: double [private final backing]
  property value: double get=value set=- backed [public]
  method value(): double [public getter generated]
  method <init>(double value): void [public generated record]
record Pair : Record [public final record]
  field a: int [private final backing]
  field b: int [private final backing]
  property a: int get=a set=- backed [public]
  property b: int get=b set=- backed [public]
  method a(): int [public getter generated]
  method b(): int [public getter generated]
  method <init>(int a, int b): void [public]
  method zero(): Pair [public static]
record Person : Record [public final record]
  field name: String [private final backing]
  field age: int [private final backing]
  property name: String get=name set=- backed [public]
  property age: int get=age set=- backed [public]
  method age(): int [public getter generated]
  method <init>(String name, int age): void [public compact]
  method describe(): String [public]
  method name(): String [public]
enum Planet : Enum<Planet> [public final enum]
  field Earth: Planet [public static final enum-constant enum]
  field Mars: Planet [public static final enum-constant enum]
  field mass: double [private final backing]
  field radius: double [private final backing]
  property mass: double get=getMass set=- backed [public]
  property radius: double get=getRadius set=- backed [public]
  method getMass(): double [public getter generated]
  method getRadius(): double [public getter generated]
  method <init>(double mass, double radius): void [private generated enum]
  method values(): Planet[] [public static generated]
  method valueOf(String name): Planet [public static generated]
  method gravity(): double [public]
record Point : Record [public final record]
  field x: int [private final backing]
  field y: int [private final backing]
  property x: int get=x set=- backed [public]
  property y: int get=y set=- backed [public]
  method x(): int [public getter generated]
  method y(): int [public getter generated]
  method <init>(int x, int y): void [public generated record]
