== Recurring =========================================
  Maple Apartments   housing     -1,450.00 USD  every month
  City Transit       transport      -89.99 USD  every month
  Cinema Plaza       fun            -49.50 USD  every month
  Acme Corp          income       4,200.00 USD  every month
== Forecast, next 4 months ===========================
  2024-03  + 4,200.00 USD  - 2,089.41 USD  net worth  16,981.76 USD
  2024-04  + 4,200.00 USD  - 2,089.41 USD  net worth  19,092.35 USD
  2024-05  + 4,200.00 USD  - 2,089.41 USD  net worth  21,202.94 USD
  2024-06  + 4,200.00 USD  - 2,089.41 USD  net worth  23,313.53 USD
